{
  "version": "1.5.0",
  "plugins_used": [
    {
      "name": "ArtifactoryDetector"
    },
    {
      "name": "AWSKeyDetector"
    },
    {
      "name": "AzureStorageKeyDetector"
    },
    {
      "name": "Base64HighEntropyString",
      "limit": 4.5
    },
    {
      "name": "BasicAuthDetector"
    },
    {
      "name": "CloudantDetector"
    },
    {
      "name": "DiscordBotTokenDetector"
    },
    {
      "name": "GitHubTokenDetector"
    },
    {
      "name": "GitLabTokenDetector"
    },
    {
      "name": "HexHighEntropyString",
      "limit": 3.0
    },
    {
      "name": "IbmCloudIamDetector"
    },
    {
      "name": "IbmCosHmacDetector"
    },
    {
      "name": "IPPublicDetector"
    },
    {
      "name": "JwtTokenDetector"
    },
    {
      "name": "KeywordDetector",
      "keyword_exclude": ""
    },
    {
      "name": "MailchimpDetector"
    },
    {
      "name": "NpmDetector"
    },
    {
      "name": "OpenAIDetector"
    },
    {
      "name": "PrivateKeyDetector"
    },
    {
      "name": "PypiTokenDetector"
    },
    {
      "name": "SendGridDetector"
    },
    {
      "name": "SlackDetector"
    },
    {
      "name": "SoftlayerDetector"
    },
    {
      "name": "SquareOAuthDetector"
    },
    {
      "name": "StripeDetector"
    },
    {
      "name": "TelegramBotTokenDetector"
    },
    {
      "name": "TwilioKeyDetector"
    }
  ],
  "filters_used": [
    {
      "path": "detect_secrets.filters.allowlist.is_line_allowlisted"
    },
    {
      "path": "detect_secrets.filters.common.is_baseline_file",
      "filename": ".secrets.baseline"
    },
    {
      "path": "detect_secrets.filters.common.is_ignored_due_to_verification_policies",
      "min_level": 2
    },
    {
      "path": "detect_secrets.filters.heuristic.is_indirect_reference"
    },
    {
      "path": "detect_secrets.filters.heuristic.is_likely_id_string"
    },
    {
      "path": "detect_secrets.filters.heuristic.is_lock_file"
    },
    {
      "path": "detect_secrets.filters.heuristic.is_not_alphanumeric_string"
    },
    {
      "path": "detect_secrets.filters.heuristic.is_potential_uuid"
    },
    {
      "path": "detect_secrets.filters.heuristic.is_prefixed_with_dollar_sign"
    },
    {
      "path": "detect_secrets.filters.heuristic.is_sequential_string"
    },
    {
      "path": "detect_secrets.filters.heuristic.is_swagger_file"
    },
    {
      "path": "detect_secrets.filters.heuristic.is_templated_secret"
    },
    {
      "path": "detect_secrets.filters.regex.should_exclude_file",
      "pattern": [
        "node_modules/.*",
        "\\.venv/.*",
        "venv/.*",
        "\\.git/.*"
      ]
    }
  ],
  "results": {
    "apps/bali-zero-magazine/tests/audit-anchor-route.test.mjs": [
      {
        "type": "Base64 High Entropy String",
        "filename": "apps/bali-zero-magazine/tests/audit-anchor-route.test.mjs",
        "hashed_secret": "e582429052cdb908833560f6f7582d232de37c4d",
        "is_verified": false,
        "line_number": 241,
        "is_secret": false
      }
    ],
    "apps/bali-zero-magazine/tests/authorization.test.mjs": [
      {
        "type": "Secret Keyword",
        "filename": "apps/bali-zero-magazine/tests/authorization.test.mjs",
        "hashed_secret": "b3521787ec21c99ad516da2e7c716d21a3cce8dd",
        "is_verified": false,
        "line_number": 7,
        "is_secret": false
      }
    ],
    "apps/bali-zero-magazine/tests/fixtures/asset-upload-v2-collision-source.json": [
      {
        "type": "Hex High Entropy String",
        "filename": "apps/bali-zero-magazine/tests/fixtures/asset-upload-v2-collision-source.json",
        "hashed_secret": "1d687aba9d95a9e6742236ea63347087e957ece7",
        "is_verified": false,
        "line_number": 5,
        "is_secret": false
      }
    ],
    "apps/bali-zero-magazine/tests/fixtures/asset-upload-v2.json": [
      {
        "type": "Hex High Entropy String",
        "filename": "apps/bali-zero-magazine/tests/fixtures/asset-upload-v2.json",
        "hashed_secret": "ce4303f6b22257d9c9cf314ef1dee4707c6e1c13",
        "is_verified": false,
        "line_number": 5,
        "is_secret": false
      }
    ],
    "apps/bali-zero-magazine/tests/helpers/task-5-fixtures.mjs": [
      {
        "type": "Secret Keyword",
        "filename": "apps/bali-zero-magazine/tests/helpers/task-5-fixtures.mjs",
        "hashed_secret": "ecf4df9260c480c8fc143d876f70f5ae88c80cf3",
        "is_verified": false,
        "line_number": 10,
        "is_secret": false
      },
      {
        "type": "Secret Keyword",
        "filename": "apps/bali-zero-magazine/tests/helpers/task-5-fixtures.mjs",
        "hashed_secret": "58f47295971ebedde86ac91a42173ced8e1c7258",
        "is_verified": false,
        "line_number": 155,
        "is_secret": false
      },
      {
        "type": "Base64 High Entropy String",
        "filename": "apps/bali-zero-magazine/tests/helpers/task-5-fixtures.mjs",
        "hashed_secret": "974175b3eba05b43b7aada94b31b5029896f4752",
        "is_verified": false,
        "line_number": 219,
        "is_secret": false
      },
      {
        "type": "Base64 High Entropy String",
        "filename": "apps/bali-zero-magazine/tests/helpers/task-5-fixtures.mjs",
        "hashed_secret": "39fec92ebc10e02483badf983c481eae6dde1df4",
        "is_verified": false,
        "line_number": 352,
        "is_secret": false
      }
    ],
    "apps/bali-zero-magazine/tests/hmac.test.mjs": [
      {
        "type": "Secret Keyword",
        "filename": "apps/bali-zero-magazine/tests/hmac.test.mjs",
        "hashed_secret": "7eaf91a6fa71b77d7d303e0b163b6da4de05fbc8",
        "is_verified": false,
        "line_number": 54,
        "is_secret": false
      }
    ],
    "apps/bali-zero-magazine/tests/machine-routes.test.mjs": [
      {
        "type": "Secret Keyword",
        "filename": "apps/bali-zero-magazine/tests/machine-routes.test.mjs",
        "hashed_secret": "3310acf24b1cbd6471410f6822b1481d6b4d24b9",
        "is_verified": false,
        "line_number": 166,
        "is_secret": false
      }
    ],
    "apps/bali-zero-magazine/tests/magazine-render.test.mjs": [
      {
        "type": "Secret Keyword",
        "filename": "apps/bali-zero-magazine/tests/magazine-render.test.mjs",
        "hashed_secret": "b3521787ec21c99ad516da2e7c716d21a3cce8dd",
        "is_verified": false,
        "line_number": 695,
        "is_secret": false
      }
    ],
    "apps/bali-zero-magazine/tests/operations.test.mjs": [
      {
        "type": "Base64 High Entropy String",
        "filename": "apps/bali-zero-magazine/tests/operations.test.mjs",
        "hashed_secret": "94fb7c8f8c2d010c02b8fb4d988cc98b206f0742",
        "is_verified": false,
        "line_number": 1092,
        "is_secret": false
      }
    ],
    "apps/bali-zero-magazine/tests/research.test.mjs": [
      {
        "type": "Base64 High Entropy String",
        "filename": "apps/bali-zero-magazine/tests/research.test.mjs",
        "hashed_secret": "39a359bd3af07ef94d4cd30b742c1b917127a54d",
        "is_verified": false,
        "line_number": 370,
        "is_secret": false
      }
    ]
  },
  "generated_at": "2026-07-21T09:05:19Z"
}